******************************************************************************
                  TI ARM Linker PC v20.2.5                     
******************************************************************************
>> Linked Tue Nov  2 15:40:12 2021

OUTPUT FILE NAME:   <Proyecto1.out>
ENTRY POINT SYMBOL: "_c_int00_noargs"  address: 000008a5


MEMORY CONFIGURATION

         name            origin    length      used     unused   attr    fill
----------------------  --------  ---------  --------  --------  ----  --------
  FLASH                 00000000   00040000  00000c30  0003f3d0  R  X
  SRAM                  20000000   00008000  00000475  00007b8b  RW X


SEGMENT ALLOCATION MAP

run origin  load origin   length   init length attrs members
----------  ----------- ---------- ----------- ----- -------
00000000    00000000    00000c30   00000c30    r-x
  00000000    00000000    0000026c   0000026c    r-- .intvecs
  0000026c    0000026c    0000078c   0000078c    r-x .text
  000009f8    000009f8    00000208   00000208    r-- .const
  00000c00    00000c00    00000030   00000030    r-- .cinit
20000000    20000000    00000479   00000000    rw-
  20000000    20000000    0000026c   00000000    rw- .vtable
  20000270    20000270    00000200   00000000    rw- .stack
  20000470    20000470    00000009   00000000    rw- .data


SECTION ALLOCATION MAP

 output                                  attributes/
section   page    origin      length       input sections
--------  ----  ----------  ----------   ----------------
.intvecs   0    00000000    0000026c     
                  00000000    0000026c     tm4c123gh6pm_startup_ccs.obj (.intvecs)

.text      0    0000026c    0000078c     
                  0000026c    0000015c     main.obj (.text)
                  000003c8    00000132     driverlib.lib : gpio.obj (.text:GPIOPadConfigSet)
                  000004fa    00000002     --HOLE-- [fill = 0]
                  000004fc    000000f4                   : sysctl.obj (.text:SysCtlClockSet)
                  000005f0    0000009c     rtsv7M4_T_le_v4SPD16_eabi.lib : memcpy_t2.asm.obj (.text)
                  0000068c    00000068     driverlib.lib : interrupt.obj (.text:IntEnable)
                  000006f4    00000068     rtsv7M4_T_le_v4SPD16_eabi.lib : copy_decompress_lzss.c.obj (.text:decompress:lzss:__TI_decompress_lzss)
                  0000075c    00000056     driverlib.lib : gpio.obj (.text:GPIOIntTypeSet)
                  000007b2    00000002     --HOLE-- [fill = 0]
                  000007b4    00000044                   : gpio.obj (.text:_GPIOIntNumberGet)
                  000007f8    00000044     rtsv7M4_T_le_v4SPD16_eabi.lib : autoinit.c.obj (.text:__TI_auto_init_nobinit_nopinit:__TI_auto_init_nobinit_nopinit)
                  0000083c    00000034     driverlib.lib : interrupt.obj (.text:IntRegister)
                  00000870    00000034                   : sysctl.obj (.text:SysCtlPeripheralEnable)
                  000008a4    00000034     rtsv7M4_T_le_v4SPD16_eabi.lib : boot_cortex_m.c.obj (.text:_c_int00_noargs:_c_int00_noargs)
                  000008d8    0000002a     driverlib.lib : gpio.obj (.text:GPIODirModeSet)
                  00000902    0000001c     rtsv7M4_T_le_v4SPD16_eabi.lib : copy_zero_init.c.obj (.text:decompress:ZI:__TI_zero_init_nomemset:__TI_zero_init_nomemset)
                  0000091e    00000018     driverlib.lib : gpio.obj (.text:GPIOIntRegister)
                  00000936    00000018                   : gpio.obj (.text:GPIOPinTypeGPIOOutput)
                  0000094e    00000002     --HOLE-- [fill = 0]
                  00000950    00000014                   : systick.obj (.text:SysTickDisable)
                  00000964    00000014                   : systick.obj (.text:SysTickEnable)
                  00000978    00000012                   : gpio.obj (.text:GPIOPinTypeGPIOInput)
                  0000098a    00000002     --HOLE-- [fill = 0]
                  0000098c    00000010                   : systick.obj (.text:SysTickPeriodSet)
                  0000099c    0000000e                   : gpio.obj (.text:GPIOIntDisable)
                  000009aa    0000000e                   : gpio.obj (.text:GPIOIntStatus)
                  000009b8    0000000e     rtsv7M4_T_le_v4SPD16_eabi.lib : copy_decompress_none.c.obj (.text:decompress:none:__TI_decompress_none)
                  000009c6    0000000c     driverlib.lib : gpio.obj (.text:GPIOIntEnable)
                  000009d2    0000000c     tm4c123gh6pm_startup_ccs.obj (.text)
                  000009de    00000006     driverlib.lib : gpio.obj (.text:GPIOIntClear)
                  000009e4    00000006                   : gpio.obj (.text:GPIOPinWrite)
                  000009ea    00000006                   : sysctl.obj (.text:SysCtlDelay)
                  000009f0    00000004     rtsv7M4_T_le_v4SPD16_eabi.lib : pre_init.c.obj (.text:_system_pre_init)
                  000009f4    00000004                                   : exit.c.obj (.text:abort:abort)

.const     0    000009f8    00000208     
                  000009f8    000000d8     driverlib.lib : gpio.obj (.const:g_ppui32GPIOIntMapSnowflake)
                  00000ad0    000000c0                   : gpio.obj (.const:g_ppui32GPIOIntMapBlizzard)
                  00000b90    00000070                   : interrupt.obj (.const)

.cinit     0    00000c00    00000030     
                  00000c00    0000000c     (__TI_handler_table)
                  00000c0c    00000004     --HOLE-- [fill = 0]
                  00000c10    00000008     (.cinit..vtable.load) [load image, compression = zero_init]
                  00000c18    00000007     (.cinit..data.load) [load image, compression = lzss]
                  00000c1f    00000001     --HOLE-- [fill = 0]
                  00000c20    00000010     (__TI_cinit_table)

.init_array 
*          0    00000000    00000000     UNINITIALIZED

.vtable    0    20000000    0000026c     UNINITIALIZED
                  20000000    0000026c     driverlib.lib : interrupt.obj (.vtable)

.data      0    20000470    00000009     UNINITIALIZED
                  20000470    00000009     main.obj (.data)

.stack     0    20000270    00000200     UNINITIALIZED
                  20000270    00000004     rtsv7M4_T_le_v4SPD16_eabi.lib : boot_cortex_m.c.obj (.stack)
                  20000274    000001fc     --HOLE--

__llvm_prf_cnts 
*          0    20000000    00000000     UNINITIALIZED

MODULE SUMMARY

       Module                         code   ro data   rw data
       ------                         ----   -------   -------
    .\
       tm4c123gh6pm_startup_ccs.obj   12     620       0      
       main.obj                       348    0         9      
    +--+------------------------------+------+---------+---------+
       Total:                         360    620       9      
                                                              
    C:/ti/TivaWare_C_Series-2.1.4.178/driverlib/ccs/Debug/driverlib.lib
       gpio.obj                       620    408       0      
       interrupt.obj                  156    112       620    
       sysctl.obj                     302    0         0      
       systick.obj                    56     0         0      
    +--+------------------------------+------+---------+---------+
       Total:                         1134   520       620    
                                                              
    C:\ti\ccs1040\ccs\tools\compiler\ti-cgt-arm_20.2.5.LTS\lib\rtsv7M4_T_le_v4SPD16_eabi.lib
       memcpy_t2.asm.obj              156    0         0      
       copy_decompress_lzss.c.obj     104    0         0      
       autoinit.c.obj                 68     0         0      
       boot_cortex_m.c.obj            52     0         0      
       copy_zero_init.c.obj           28     0         0      
       copy_decompress_none.c.obj     14     0         0      
       exit.c.obj                     4      0         0      
       pre_init.c.obj                 4      0         0      
    +--+------------------------------+------+---------+---------+
       Total:                         430    0         0      
                                                              
       Stack:                         0      0         512    
       Linker Generated:              0      43        0      
    +--+------------------------------+------+---------+---------+
       Grand Total:                   1924   1183      1141   


LINKER GENERATED COPY TABLES

__TI_cinit_table @ 00000c20 records: 2, size/record: 8, table size: 16
	.vtable: load addr=00000c10, load size=00000008 bytes, run addr=20000000, run size=0000026c bytes, compression=zero_init
	.data: load addr=00000c18, load size=00000007 bytes, run addr=20000470, run size=00000009 bytes, compression=lzss


LINKER GENERATED HANDLER TABLE

__TI_handler_table @ 00000c00 records: 3, size/record: 4, table size: 12
	index: 0, handler: __TI_zero_init
	index: 1, handler: __TI_decompress_lzss
	index: 2, handler: __TI_decompress_none


GLOBAL SYMBOLS: SORTED ALPHABETICALLY BY Name 

address   name                          
-------   ----                          
000009f5  C$$EXIT                       
000008d9  GPIODirModeSet                
000009df  GPIOIntClear                  
0000099d  GPIOIntDisable                
000009c7  GPIOIntEnable                 
0000091f  GPIOIntRegister               
000009ab  GPIOIntStatus                 
0000075d  GPIOIntTypeSet                
000003c9  GPIOPadConfigSet              
00000979  GPIOPinTypeGPIOInput          
00000937  GPIOPinTypeGPIOOutput         
000009e5  GPIOPinWrite                  
0000068d  IntEnable                     
0000083d  IntRegister                   
000009d3  ResetISR                      
000004fd  SysCtlClockSet                
000009eb  SysCtlDelay                   
00000871  SysCtlPeripheralEnable        
00000951  SysTickDisable                
00000965  SysTickEnable                 
0000098d  SysTickPeriodSet              
20000470  __STACK_END                   
00000200  __STACK_SIZE                  
20000470  __STACK_TOP                   
00000c20  __TI_CINIT_Base               
00000c30  __TI_CINIT_Limit              
00000c00  __TI_Handler_Table_Base       
00000c0c  __TI_Handler_Table_Limit      
000007f9  __TI_auto_init_nobinit_nopinit
000006f5  __TI_decompress_lzss          
000009b9  __TI_decompress_none          
ffffffff  __TI_pprof_out_hndl           
ffffffff  __TI_prof_data_size           
ffffffff  __TI_prof_data_start          
00000000  __TI_static_base__            
00000903  __TI_zero_init_nomemset       
000005f1  __aeabi_memcpy                
000005f1  __aeabi_memcpy4               
000005f1  __aeabi_memcpy8               
ffffffff  __binit__                     
ffffffff  __c_args__                    
UNDEFED   __mpu_init                    
20000270  __stack                       
20000000  __start___llvm_prf_cnts       
20000000  __stop___llvm_prf_cnts        
000008a5  _c_int00_noargs               
UNDEFED   _system_post_cinit            
000009f1  _system_pre_init              
000009f5  abort                         
ffffffff  binit                         
00000357  delay                         
00000383  delay1ms                      
20000478  flag                          
00000341  function                      
20000000  g_pfnRAMVectors               
00000000  g_pfnVectors                  
20000470  i                             
0000026d  main                          
000005f1  memcpy                        
20000474  n                             


GLOBAL SYMBOLS: SORTED BY Symbol Address 

address   name                          
-------   ----                          
00000000  __TI_static_base__            
00000000  g_pfnVectors                  
00000200  __STACK_SIZE                  
0000026d  main                          
00000341  function                      
00000357  delay                         
00000383  delay1ms                      
000003c9  GPIOPadConfigSet              
000004fd  SysCtlClockSet                
000005f1  __aeabi_memcpy                
000005f1  __aeabi_memcpy4               
000005f1  __aeabi_memcpy8               
000005f1  memcpy                        
0000068d  IntEnable                     
000006f5  __TI_decompress_lzss          
0000075d  GPIOIntTypeSet                
000007f9  __TI_auto_init_nobinit_nopinit
0000083d  IntRegister                   
00000871  SysCtlPeripheralEnable        
000008a5  _c_int00_noargs               
000008d9  GPIODirModeSet                
00000903  __TI_zero_init_nomemset       
0000091f  GPIOIntRegister               
00000937  GPIOPinTypeGPIOOutput         
00000951  SysTickDisable                
00000965  SysTickEnable                 
00000979  GPIOPinTypeGPIOInput          
0000098d  SysTickPeriodSet              
0000099d  GPIOIntDisable                
000009ab  GPIOIntStatus                 
000009b9  __TI_decompress_none          
000009c7  GPIOIntEnable                 
000009d3  ResetISR                      
000009df  GPIOIntClear                  
000009e5  GPIOPinWrite                  
000009eb  SysCtlDelay                   
000009f1  _system_pre_init              
000009f5  C$$EXIT                       
000009f5  abort                         
00000c00  __TI_Handler_Table_Base       
00000c0c  __TI_Handler_Table_Limit      
00000c20  __TI_CINIT_Base               
00000c30  __TI_CINIT_Limit              
20000000  __start___llvm_prf_cnts       
20000000  __stop___llvm_prf_cnts        
20000000  g_pfnRAMVectors               
20000270  __stack                       
20000470  __STACK_END                   
20000470  __STACK_TOP                   
20000470  i                             
20000474  n                             
20000478  flag                          
ffffffff  __TI_pprof_out_hndl           
ffffffff  __TI_prof_data_size           
ffffffff  __TI_prof_data_start          
ffffffff  __binit__                     
ffffffff  __c_args__                    
ffffffff  binit                         
UNDEFED   __mpu_init                    
UNDEFED   _system_post_cinit            

[60 symbols]
